0	17	Data/ResizedObjects/pottedplant-358_17.jpg
1	16	Data/ResizedObjects/diningtable-159_16.jpg
2	4	Data/ResizedObjects/dog-535_4.jpg
3	0	Data/ResizedObjects/person-288_0.jpg
4	0	Data/ResizedObjects/person-10909_0.jpg
5	0	Data/ResizedObjects/person-7712_0.jpg
6	11	Data/ResizedObjects/car-970_11.jpg
7	8	Data/ResizedObjects/bicycle-126_8.jpg
8	0	Data/ResizedObjects/person-11931_0.jpg
9	2	Data/ResizedObjects/cat-677_2.jpg
10	0	Data/ResizedObjects/person-6396_0.jpg
11	18	Data/ResizedObjects/sofa-615_18.jpg
12	0	Data/ResizedObjects/person-530_0.jpg
13	7	Data/ResizedObjects/aeroplane-381_7.jpg
14	19	Data/ResizedObjects/tvmonitor-257_19.jpg
15	0	Data/ResizedObjects/person-8728_0.jpg
16	11	Data/ResizedObjects/car-1523_11.jpg
17	0	Data/ResizedObjects/person-14127_0.jpg
18	0	Data/ResizedObjects/person-92_0.jpg
19	19	Data/ResizedObjects/tvmonitor-676_19.jpg
20	11	Data/ResizedObjects/car-478_11.jpg
21	2	Data/ResizedObjects/cat-282_2.jpg
22	0	Data/ResizedObjects/person-14447_0.jpg
23	15	Data/ResizedObjects/chair-2740_15.jpg
24	5	Data/ResizedObjects/horse-554_5.jpg
25	8	Data/ResizedObjects/bicycle-323_8.jpg
26	1	Data/ResizedObjects/bird-494_1.jpg
27	2	Data/ResizedObjects/cat-453_2.jpg
28	16	Data/ResizedObjects/diningtable-397_16.jpg
29	16	Data/ResizedObjects/diningtable-768_16.jpg
30	0	Data/ResizedObjects/person-6840_0.jpg
31	0	Data/ResizedObjects/person-1694_0.jpg
32	0	Data/ResizedObjects/person-250_0.jpg
33	0	Data/ResizedObjects/person-481_0.jpg
34	0	Data/ResizedObjects/person-2933_0.jpg
35	6	Data/ResizedObjects/sheep-770_6.jpg
36	0	Data/ResizedObjects/person-7522_0.jpg
37	10	Data/ResizedObjects/bus-491_10.jpg
38	0	Data/ResizedObjects/person-5892_0.jpg
39	0	Data/ResizedObjects/person-5982_0.jpg
40	2	Data/ResizedObjects/cat-1056_2.jpg
41	0	Data/ResizedObjects/person-6058_0.jpg
42	0	Data/ResizedObjects/person-117_0.jpg
43	11	Data/ResizedObjects/car-494_11.jpg
44	2	Data/ResizedObjects/cat-322_2.jpg
45	6	Data/ResizedObjects/sheep-653_6.jpg
46	4	Data/ResizedObjects/dog-992_4.jpg
47	0	Data/ResizedObjects/person-5608_0.jpg
48	7	Data/ResizedObjects/aeroplane-697_7.jpg
49	15	Data/ResizedObjects/chair-2219_15.jpg
50	19	Data/ResizedObjects/tvmonitor-407_19.jpg
51	15	Data/ResizedObjects/chair-1498_15.jpg
52	0	Data/ResizedObjects/person-11619_0.jpg
53	1	Data/ResizedObjects/bird-137_1.jpg
54	4	Data/ResizedObjects/dog-536_4.jpg
55	18	Data/ResizedObjects/sofa-344_18.jpg
56	0	Data/ResizedObjects/person-7092_0.jpg
57	0	Data/ResizedObjects/person-5785_0.jpg
58	0	Data/ResizedObjects/person-3698_0.jpg
59	0	Data/ResizedObjects/person-8731_0.jpg
60	0	Data/ResizedObjects/person-8774_0.jpg
61	15	Data/ResizedObjects/chair-277_15.jpg
62	8	Data/ResizedObjects/bicycle-20_8.jpg
63	1	Data/ResizedObjects/bird-885_1.jpg
64	5	Data/ResizedObjects/horse-16_5.jpg
65	0	Data/ResizedObjects/person-8868_0.jpg
66	0	Data/ResizedObjects/person-11469_0.jpg
67	0	Data/ResizedObjects/person-14240_0.jpg
68	15	Data/ResizedObjects/chair-2721_15.jpg
69	18	Data/ResizedObjects/sofa-506_18.jpg